
*** Running vivado
    with args -log myip_v1_0.vds -m64 -product Vivado -mode batch -messageDb vivado.pb -notrace -source myip_v1_0.tcl


****** Vivado v2022.2 (64-bit)
  **** SW Build 3671981 on Fri Oct 14 04:59:54 MDT 2022
  **** IP Build 3669848 on Fri Oct 14 08:30:02 MDT 2022
    ** Copyright 1986-2022 Xilinx, Inc. All Rights Reserved.

source myip_v1_0.tcl -notrace
CRITICAL WARNING: [Common 17-1355] You are suppressing all messages of type 'WARNING'. You may potentially disregard important DRC, CDC, and implementation messages that can negatively impact your design.  If this is not desired, please run 'reset_msg_config -suppress -severity {WARNING}' to undo this change.
CRITICAL WARNING: [Common 17-1355] You are suppressing all messages of type 'CRITICAL WARNING'. You may potentially disregard important DRC, CDC, and implementation messages that can negatively impact your design.  If this is not desired, please run 'reset_msg_config -suppress -severity {CRITICAL WARNING}' to undo this change.
---------------------------------------------------------------------------------
Starting Synthesize : Time (s): cpu = 00:00:02 ; elapsed = 00:00:02 . Memory (MB): peak = 1640.402 ; gain = 314.832 ; free physical = 526 ; free virtual = 27076
Synthesis current peak Physical Memory [PSS] (MB): peak = 985.854; parent = 807.773; children = 178.080
Synthesis current peak Virtual Memory [VSS] (MB): peak = 2616.305; parent = 1643.375; children = 972.930
---------------------------------------------------------------------------------
---------------------------------------------------------------------------------
Finished Synthesize : Time (s): cpu = 00:00:04 ; elapsed = 00:00:04 . Memory (MB): peak = 1848.340 ; gain = 522.770 ; free physical = 734 ; free virtual = 27194
Synthesis current peak Physical Memory [PSS] (MB): peak = 999.821; parent = 821.741; children = 178.080
Synthesis current peak Virtual Memory [VSS] (MB): peak = 2821.273; parent = 1848.344; children = 972.930
---------------------------------------------------------------------------------
Finished Constraint Validation : Time (s): cpu = 00:00:04 ; elapsed = 00:00:05 . Memory (MB): peak = 1866.152 ; gain = 540.582 ; free physical = 795 ; free virtual = 27175
Synthesis current peak Physical Memory [PSS] (MB): peak = 999.821; parent = 821.741; children = 178.080
Synthesis current peak Virtual Memory [VSS] (MB): peak = 2839.086; parent = 1866.156; children = 972.930
Finished Loading Part and Timing Information : Time (s): cpu = 00:00:04 ; elapsed = 00:00:05 . Memory (MB): peak = 1874.156 ; gain = 548.586 ; free physical = 795 ; free virtual = 27175
Synthesis current peak Physical Memory [PSS] (MB): peak = 999.821; parent = 821.741; children = 178.080
Synthesis current peak Virtual Memory [VSS] (MB): peak = 2847.090; parent = 1874.160; children = 972.930
Finished RTL Optimization Phase 2 : Time (s): cpu = 00:00:09 ; elapsed = 00:00:08 . Memory (MB): peak = 1915.094 ; gain = 589.523 ; free physical = 683 ; free virtual = 26955
Synthesis current peak Physical Memory [PSS] (MB): peak = 1244.548; parent = 1066.499; children = 178.080
Synthesis current peak Virtual Memory [VSS] (MB): peak = 2888.027; parent = 1915.098; children = 972.930
No constraint files found.
No constraint files found.
Finished Cross Boundary and Area Optimization : Time (s): cpu = 00:00:15 ; elapsed = 00:00:14 . Memory (MB): peak = 1981.617 ; gain = 656.047 ; free physical = 597 ; free virtual = 26885
Synthesis current peak Physical Memory [PSS] (MB): peak = 1279.403; parent = 1101.354; children = 178.080
Synthesis current peak Virtual Memory [VSS] (MB): peak = 2954.551; parent = 1981.621; children = 972.930
No constraint files found.
Finished Timing Optimization : Time (s): cpu = 00:00:15 ; elapsed = 00:00:14 . Memory (MB): peak = 1981.617 ; gain = 656.047 ; free physical = 597 ; free virtual = 26885
Synthesis current peak Physical Memory [PSS] (MB): peak = 1279.970; parent = 1101.921; children = 178.080
Synthesis current peak Virtual Memory [VSS] (MB): peak = 2954.551; parent = 1981.621; children = 972.930
Finished Technology Mapping : Time (s): cpu = 00:00:16 ; elapsed = 00:00:15 . Memory (MB): peak = 1981.617 ; gain = 656.047 ; free physical = 601 ; free virtual = 26881
Synthesis current peak Physical Memory [PSS] (MB): peak = 1279.970; parent = 1101.921; children = 178.080
Synthesis current peak Virtual Memory [VSS] (MB): peak = 2954.551; parent = 1981.621; children = 972.930
Finished IO Insertion : Time (s): cpu = 00:00:18 ; elapsed = 00:00:17 . Memory (MB): peak = 1981.617 ; gain = 656.047 ; free physical = 596 ; free virtual = 26880
Synthesis current peak Physical Memory [PSS] (MB): peak = 1279.970; parent = 1101.921; children = 178.080
Synthesis current peak Virtual Memory [VSS] (MB): peak = 2954.551; parent = 1981.621; children = 972.930
Finished Renaming Generated Instances : Time (s): cpu = 00:00:18 ; elapsed = 00:00:17 . Memory (MB): peak = 1981.617 ; gain = 656.047 ; free physical = 596 ; free virtual = 26880
Synthesis current peak Physical Memory [PSS] (MB): peak = 1279.970; parent = 1101.921; children = 178.080
Synthesis current peak Virtual Memory [VSS] (MB): peak = 2954.551; parent = 1981.621; children = 972.930
Finished Rebuilding User Hierarchy : Time (s): cpu = 00:00:18 ; elapsed = 00:00:17 . Memory (MB): peak = 1981.617 ; gain = 656.047 ; free physical = 596 ; free virtual = 26880
Synthesis current peak Physical Memory [PSS] (MB): peak = 1279.970; parent = 1101.921; children = 178.080
Synthesis current peak Virtual Memory [VSS] (MB): peak = 2954.551; parent = 1981.621; children = 972.930
Finished Renaming Generated Ports : Time (s): cpu = 00:00:18 ; elapsed = 00:00:17 . Memory (MB): peak = 1981.617 ; gain = 656.047 ; free physical = 596 ; free virtual = 26880
Synthesis current peak Physical Memory [PSS] (MB): peak = 1279.970; parent = 1101.921; children = 178.080
Synthesis current peak Virtual Memory [VSS] (MB): peak = 2954.551; parent = 1981.621; children = 972.930
Finished Handling Custom Attributes : Time (s): cpu = 00:00:18 ; elapsed = 00:00:17 . Memory (MB): peak = 1981.617 ; gain = 656.047 ; free physical = 596 ; free virtual = 26880
Synthesis current peak Physical Memory [PSS] (MB): peak = 1279.970; parent = 1101.921; children = 178.080
Synthesis current peak Virtual Memory [VSS] (MB): peak = 2954.551; parent = 1981.621; children = 972.930
Finished Renaming Generated Nets : Time (s): cpu = 00:00:18 ; elapsed = 00:00:17 . Memory (MB): peak = 1981.617 ; gain = 656.047 ; free physical = 596 ; free virtual = 26880
Synthesis current peak Physical Memory [PSS] (MB): peak = 1279.970; parent = 1101.921; children = 178.080
Synthesis current peak Virtual Memory [VSS] (MB): peak = 2954.551; parent = 1981.621; children = 972.930

Report Cell Usage: 
+------+------+------+
|      |Cell  |Count |
+------+------+------+
|1     |BUFG  |     1|
|2     |LUT1  |     1|
|3     |LUT2  |     1|
|4     |LUT3  |     1|
|5     |LUT4  |    35|
|6     |LUT5  |   514|
|7     |LUT6  |  1090|
|8     |MUXF7 |   544|
|9     |MUXF8 |   256|
|10    |FDRE  |  4193|
|11    |FDSE  |     1|
|12    |IBUF  |    57|
|13    |OBUF  |    41|
+------+------+------+
Finished Writing Synthesis Report : Time (s): cpu = 00:00:18 ; elapsed = 00:00:17 . Memory (MB): peak = 1981.617 ; gain = 656.047 ; free physical = 596 ; free virtual = 26880
Synthesis current peak Physical Memory [PSS] (MB): peak = 1279.970; parent = 1101.921; children = 178.080
Synthesis current peak Virtual Memory [VSS] (MB): peak = 2954.551; parent = 1981.621; children = 972.930
Netlist sorting complete. Time (s): cpu = 00:00:00.02 ; elapsed = 00:00:00.02 . Memory (MB): peak = 1981.625 ; gain = 0.000 ; free physical = 706 ; free virtual = 26990
Netlist sorting complete. Time (s): cpu = 00:00:00 ; elapsed = 00:00:00 . Memory (MB): peak = 2042.516 ; gain = 0.000 ; free physical = 659 ; free virtual = 26943
synth_design: Time (s): cpu = 00:00:21 ; elapsed = 00:00:19 . Memory (MB): peak = 2042.516 ; gain = 716.945 ; free physical = 736 ; free virtual = 27016
